// Jest Snapshot v1, https://goo.gl/fbAQLP

exports[`renders the UI as expected 1`] = `
<nav>
  <button
    className="nav-button"
    onClick={[Function]}
  >
    All
  </button>
  <button
    className="nav-button"
    onClick={[Function]}
  >
    Listings
  </button>
  <button
    className="nav-button"
    onClick={[Function]}
  >
    Events
  </button>
  <button
    className="nav-button"
    onClick={[Function]}
  >
    Offers
  </button>
</nav>
`;
